martin@mklinux:~/pwnagotchi-a5/8505F/devenv/linux$ make -j32 
  CHK     include/config/kernel.release
  CHK     include/generated/uapi/linux/version.h
make[1]: Für das Ziel „dct/DrvGen.py“ ist nichts zu tun.
make[1]: Für das Ziel „dct/config/MT6739.fig“ ist nichts zu tun.
make[1]: Für das Ziel „dct/config/MT6761.fig“ ist nichts zu tun.
rm -f dtboimg.cfg.tmp
make[1]: Für das Ziel „dct/config/MT6765.fig“ ist nichts zu tun.
echo /home/martin/pwnagotchi-a5/8505F/devenv/linux/arch/arm64/boot/dts/mediatek/akita_row_wifi.dtb >>dtboimg.cfg.tmp; echo " id=0" >>dtboimg.cfg.tmp; 
if ! cmp -s dtboimg.cfg.tmp dtboimg.cfg; then \
	mv dtboimg.cfg.tmp dtboimg.cfg; \
else \
	rm dtboimg.cfg.tmp; \
fi
  CHK     include/generated/utsrelease.h
  CHK     scripts/mod/devicetable-offsets.h
for i in ./arch/arm64/boot/dts/mediatek/akita_row_wifi.dtb; do \
	./scripts/dtc/ufdt_apply_overlay ./arch/arm64/boot/dts/mediatek/mt6761.dtb $i $i.merge;\
done
  CHK     include/generated/timeconst.h
ufdt_apply_overlay: took 0.000000000 secs
  CHK     include/generated/bounds.h
  CHK     include/generated/asm-offsets.h
  CALL    scripts/checksyscalls.sh
  CHK     include/generated/compile.h
  LD      drivers/nfc/built-in.o
  LD      drivers/nvme/host/built-in.o
  LD      drivers/nvme/target/built-in.o
  LD      drivers/nvme/built-in.o
  CC      kernel/sched/core.o
  CC      kernel/profile.o
  CC      drivers/of/base.o
  CC      kernel/futex.o
  CC      drivers/mmc/host/mediatek/ComboA/sd.o
  CC      kernel/futex_compat.o
  CC      drivers/misc/mediatek/aee/mrdump/mrdump_panic_wdt.o
  CC      drivers/perf/arm_pmu.o
  CC      drivers/mmc/host/mediatek/ComboA/dbg.o
  CC      drivers/misc/mediatek/base/power/cm_mgr_v1/mtk_cm_mgr.o
  CC      drivers/misc/mediatek/base/power/cpuidle_v3/mtk_cpuidle.o
  CC      drivers/misc/mediatek/base/power/dcm_v1/mtk_dcm.o
  CC      drivers/misc/mediatek/base/power/dcm_v1/mt6761/mtk_dcm_autogen.o
  CC      drivers/misc/mediatek/base/power/cpufreq_v1/src/mtk_cpufreq_api.o
  CC      drivers/input/touchscreen/mediatek/focaltech_touch/focaltech_test/focaltech_test_ini.o
  CC      drivers/pinctrl/core.o
  LD      drivers/platform/built-in.o
  CC      drivers/of/device.o
  CC      drivers/of/platform.o
  CC      drivers/of/fdt.o
  CC      drivers/misc/mediatek/base/power/cpufreq_v1/src/mtk_cpufreq_debug.o
  CC      drivers/misc/mediatek/base/power/dcm_v1/mt6761/mtk_dcm_internal.o
  CC      drivers/pinctrl/pinctrl-utils.o
  LD      drivers/power/reset/built-in.o
  CC      drivers/power/supply/power_supply_core.o
  CC      kernel/smp.o
  CC      drivers/of/fdt_address.o
  CC      drivers/misc/mediatek/base/power/eem_v2/mt6761/mtk_eem.o
  LD      drivers/pwm/built-in.o
  CC      drivers/misc/mediatek/base/power/cpufreq_v1/src/mtk_cpufreq_hybrid.o
drivers/misc/mediatek/aee/mrdump/mrdump_panic_wdt.c:43:10: fatal error: mrdump_panic.h: Datei oder Verzeichnis nicht gefunden
   43 | #include <mrdump_panic.h>
      |          ^~~~~~~~~~~~~~~~
compilation terminated.
make[5]: *** [scripts/Makefile.build:335: drivers/misc/mediatek/aee/mrdump/mrdump_panic_wdt.o] Fehler 1
make[4]: *** [scripts/Makefile.build:648: drivers/misc/mediatek/aee/mrdump] Fehler 2
make[3]: *** [scripts/Makefile.build:648: drivers/misc/mediatek/aee] Fehler 2
make[3]: *** Auf noch nicht beendete Prozesse wird gewartet …
kernel/profile.c: In function ‘profile_dead_cpu’:
kernel/profile.c:336:27: error: the comparison will always evaluate as ‘true’ for the address of ‘prof_cpu_mask’ will never be NULL [-Werror=address]
  336 |         if (prof_cpu_mask != NULL)
      |                           ^~
kernel/profile.c:46:22: note: ‘prof_cpu_mask’ declared here
   46 | static cpumask_var_t prof_cpu_mask;
      |                      ^~~~~~~~~~~~~
kernel/profile.c: In function ‘profile_online_cpu’:
kernel/profile.c:373:27: error: the comparison will always evaluate as ‘true’ for the address of ‘prof_cpu_mask’ will never be NULL [-Werror=address]
  373 |         if (prof_cpu_mask != NULL)
      |                           ^~
kernel/profile.c:46:22: note: ‘prof_cpu_mask’ declared here
   46 | static cpumask_var_t prof_cpu_mask;
      |                      ^~~~~~~~~~~~~
kernel/profile.c: In function ‘profile_tick’:
kernel/profile.c:403:47: error: the comparison will always evaluate as ‘true’ for the address of ‘prof_cpu_mask’ will never be NULL [-Werror=address]
  403 |         if (!user_mode(regs) && prof_cpu_mask != NULL &&
      |                                               ^~
kernel/profile.c:46:22: note: ‘prof_cpu_mask’ declared here
   46 | static cpumask_var_t prof_cpu_mask;
      |                      ^~~~~~~~~~~~~
  CC      drivers/pinctrl/pinmux.o
  CC      drivers/pinctrl/pinconf.o
drivers/misc/mediatek/base/power/cpufreq_v1/src/mtk_cpufreq_api.c:263:14: error: conflicting types for ‘mt_cpufreq_get_cur_freq_idx’ due to enum/integer mismatch; have ‘unsigned int(enum mt_cpu_dvfs_id)’ [-Werror=enum-int-mismatch]
  263 | unsigned int mt_cpufreq_get_cur_freq_idx(enum mt_cpu_dvfs_id id)
      |              ^~~~~~~~~~~~~~~~~~~~~~~~~~~
In file included from ./drivers/misc/mediatek/base/power/cpufreq_v1/inc/mtk_cpufreq_internal.h:51,
                 from drivers/misc/mediatek/base/power/cpufreq_v1/src/mtk_cpufreq_api.c:14:
./drivers/misc/mediatek/include/mt-plat/mt6761/include/mach/mtk_cpufreq_api.h:78:21: note: previous declaration of ‘mt_cpufreq_get_cur_freq_idx’ with type ‘unsigned int(unsigned int)’
   78 | extern unsigned int mt_cpufreq_get_cur_freq_idx(unsigned int cluster_id);
      |                     ^~~~~~~~~~~~~~~~~~~~~~~~~~~
drivers/misc/mediatek/base/power/cpufreq_v1/src/mtk_cpufreq_api.c:346:14: error: conflicting types for ‘mt_cpufreq_get_cur_phy_freq_idx_no_lock’ due to enum/integer mismatch; have ‘unsigned int(enum mt_cpu_dvfs_id)’ [-Werror=enum-int-mismatch]
  346 | unsigned int mt_cpufreq_get_cur_phy_freq_idx_no_lock(enum mt_cpu_dvfs_id id)
      |              ^~~~~~~~~~~~~~~~~~~~~~~~~~~~~~~~~~~~~~~
./drivers/misc/mediatek/include/mt-plat/mt6761/include/mach/mtk_cpufreq_api.h:80:1: note: previous declaration of ‘mt_cpufreq_get_cur_phy_freq_idx_no_lock’ with type ‘unsigned int(unsigned int)’
   80 | mt_cpufreq_get_cur_phy_freq_idx_no_lock(unsigned int cluster_id);
      | ^~~~~~~~~~~~~~~~~~~~~~~~~~~~~~~~~~~~~~~
  LD      drivers/misc/mediatek/base/power/cpuidle_v3/built-in.o
  CC      drivers/misc/mediatek/base/power/cpufreq_v1/src/mach/mt6761/mtk_cpufreq_platform.o
drivers/misc/mediatek/base/power/cm_mgr_v1/mtk_cm_mgr.c: In function ‘check_cm_mgr_status_internal’:
drivers/misc/mediatek/base/power/cm_mgr_v1/mtk_cm_mgr.c:466:17: error: ‘memset’ used with length equal to number of elements without multiplication by element size [-Werror=memset-elt-size]
  466 |                 memset(count_ack, 0, ARRAY_SIZE(count_ack));
      |                 ^~~~~~
drivers/misc/mediatek/base/power/cm_mgr_v1/mtk_cm_mgr.c:481:17: error: ‘memset’ used with length equal to number of elements without multiplication by element size [-Werror=memset-elt-size]
  481 |                 memset(max_load, 0, ARRAY_SIZE(count_ack));
      |                 ^~~~~~
In file included from drivers/mmc/host/mediatek/ComboA/mtk_sd.h:33,
                 from drivers/mmc/host/mediatek/ComboA/dbg.c:32:
./drivers/mmc/host/mediatek/ComboA/mt6765/autok_dvfs.h:17:10: fatal error: autok.h: Datei oder Verzeichnis nicht gefunden
   17 | #include "autok.h"
      |          ^~~~~~~~~
compilation terminated.
make[5]: *** [scripts/Makefile.build:334: drivers/mmc/host/mediatek/ComboA/dbg.o] Fehler 1
make[5]: *** Auf noch nicht beendete Prozesse wird gewartet …
In file included from drivers/mmc/host/mediatek/ComboA/mtk_sd.h:33,
                 from drivers/mmc/host/mediatek/ComboA/sd.c:44:
./drivers/mmc/host/mediatek/ComboA/mt6765/autok_dvfs.h:17:10: fatal error: autok.h: Datei oder Verzeichnis nicht gefunden
   17 | #include "autok.h"
      |          ^~~~~~~~~
compilation terminated.
  CC      kernel/uid16.o
make[5]: *** [scripts/Makefile.build:334: drivers/mmc/host/mediatek/ComboA/sd.o] Fehler 1
make[4]: *** [scripts/Makefile.build:648: drivers/mmc/host/mediatek/ComboA] Fehler 2
  CC      drivers/misc/mediatek/base/power/hps_v3/mtk_hotplug_cb.o
make[3]: *** [scripts/Makefile.build:648: drivers/mmc/host/mediatek] Fehler 2
make[2]: *** [scripts/Makefile.build:648: drivers/mmc/host] Fehler 2
make[1]: *** [scripts/Makefile.build:648: drivers/mmc] Fehler 2
make[1]: *** Auf noch nicht beendete Prozesse wird gewartet …
  CC      drivers/of/address.o
cc1: all warnings being treated as errors
drivers/input/touchscreen/mediatek/focaltech_touch/focaltech_test/focaltech_test_ini.c: In function ‘fts_strncmp’:
drivers/input/touchscreen/mediatek/focaltech_touch/focaltech_test/focaltech_test_ini.c:121:18: error: comparison between pointer and zero character constant [-Werror=pointer-compare]
  121 |         if  ((cs == '\0') || (ct == '\0'))
      |                  ^~
drivers/input/touchscreen/mediatek/focaltech_touch/focaltech_test/focaltech_test_ini.c:121:15: note: did you mean to dereference the pointer?
  121 |         if  ((cs == '\0') || (ct == '\0'))
      |               ^
drivers/input/touchscreen/mediatek/focaltech_touch/focaltech_test/focaltech_test_ini.c:121:34: error: comparison between pointer and zero character constant [-Werror=pointer-compare]
  121 |         if  ((cs == '\0') || (ct == '\0'))
      |                                  ^~
drivers/input/touchscreen/mediatek/focaltech_touch/focaltech_test/focaltech_test_ini.c:121:31: note: did you mean to dereference the pointer?
  121 |         if  ((cs == '\0') || (ct == '\0'))
      |                               ^
make[7]: *** [scripts/Makefile.build:335: drivers/misc/mediatek/base/power/cpufreq_v1/src/mtk_cpufreq_api.o] Fehler 1
make[7]: *** Auf noch nicht beendete Prozesse wird gewartet …
  CC      drivers/pinctrl/devicetree.o
  CC      drivers/power/supply/power_supply_sysfs.o
  CC      drivers/misc/mediatek/base/power/eem_v2/mt6761/mtk_eem_platform.o
  CC      drivers/pinctrl/pinconf-generic.o
  CC      kernel/module.o
  CC      drivers/misc/mediatek/base/power/hps_v3/mtk_hps_main.o
  CC      kernel/kallsyms.o
cc1: all warnings being treated as errors
make[1]: *** [scripts/Makefile.build:334: kernel/profile.o] Fehler 1
make[1]: *** Auf noch nicht beendete Prozesse wird gewartet …
  CC      drivers/power/supply/power_supply_leds.o
  CC      drivers/misc/mediatek/base/power/hps_v3/mtk_hps_core.o
  LD      drivers/misc/mediatek/base/power/dcm_v1/mt6761/built-in.o
  LD      drivers/misc/mediatek/base/power/dcm_v1/built-in.o
kernel/sched/core.c: In function ‘sched_init’:
kernel/sched/core.c:8596:30: error: the comparison will always evaluate as ‘false’ for the address of ‘cpu_isolated_map’ will never be NULL [-Werror=address]
 8596 |         if (cpu_isolated_map == NULL)
      |                              ^~
kernel/sched/core.c:185:15: note: ‘cpu_isolated_map’ declared here
  185 | cpumask_var_t cpu_isolated_map;
      |               ^~~~~~~~~~~~~~~~
  CC      drivers/misc/mediatek/base/power/eem_v2/mt6761/mtk_eem_internal.o
  LD      drivers/pinctrl/bcm/built-in.o
  CC      drivers/of/irq.o
  CC      kernel/sched/deadline.o
  CC      drivers/power/supply/mediatek/battery/mtk_battery.o
cc1: all warnings being treated as errors
  CC      drivers/misc/mediatek/base/power/eem_v2/mt6761/mtk_eem_api.o
  CC      drivers/power/supply/mediatek/charger/charger_class.o
make[6]: *** [scripts/Makefile.build:335: drivers/misc/mediatek/base/power/cm_mgr_v1/mtk_cm_mgr.o] Fehler 1
make[5]: *** [scripts/Makefile.build:648: drivers/misc/mediatek/base/power/cm_mgr_v1] Fehler 2
  CC      kernel/sched/stop_task.o
make[5]: *** Auf noch nicht beendete Prozesse wird gewartet …
  CC      drivers/power/supply/mediatek/misc/mtk_gauge_time_service.o
  CC      drivers/power/supply/mediatek/charger/mtk_charger.o
  CC      kernel/sched/wait.o
  CC      drivers/misc/mediatek/base/power/hps_v3/mtk_hps_procfs.o
  LD      drivers/misc/mediatek/base/power/cpufreq_v1/src/mach/mt6761/built-in.o
  CC      kernel/sched/swait.o
  CC      drivers/power/supply/mediatek/battery/mtk_power_misc.o
  LD      drivers/misc/mediatek/base/power/cpufreq_v1/src/mach/built-in.o
  LD      drivers/pinctrl/freescale/built-in.o
  CC      drivers/misc/mediatek/base/power/hps_v3/mtk_hps_cpu.o
  CC      drivers/power/supply/mediatek/battery/mtk_gauge_coulomb_service.o
  CC      drivers/pinctrl/mediatek/pinctrl-mtk-common.o
make[6]: *** [scripts/Makefile.build:648: drivers/misc/mediatek/base/power/cpufreq_v1/src] Fehler 2
make[5]: *** [scripts/Makefile.build:648: drivers/misc/mediatek/base/power/cpufreq_v1] Fehler 2
  CC      drivers/of/of_net.o
  LD      drivers/pinctrl/nomadik/built-in.o
  CC      drivers/power/supply/mediatek/battery/mtk_gauge_class.o
  CC      drivers/pinctrl/mediatek/pinctrl-mt6761.o
  CC      drivers/of/of_mdio.o
cc1: all warnings being treated as errors
  CC      kernel/sched/completion.o
make[6]: *** [scripts/Makefile.build:335: drivers/input/touchscreen/mediatek/focaltech_touch/focaltech_test/focaltech_test_ini.o] Fehler 1
make[5]: *** [scripts/Makefile.build:648: drivers/input/touchscreen/mediatek/focaltech_touch/focaltech_test] Fehler 2
make[4]: *** [scripts/Makefile.build:648: drivers/input/touchscreen/mediatek/focaltech_touch] Fehler 2
make[3]: *** [scripts/Makefile.build:648: drivers/input/touchscreen/mediatek] Fehler 2
make[2]: *** [scripts/Makefile.build:648: drivers/input/touchscreen] Fehler 2
make[1]: *** [scripts/Makefile.build:648: drivers/input] Fehler 2
  CC      drivers/power/supply/mediatek/charger/mtk_switch_charging.o
In file included from drivers/power/supply/mediatek/battery/mtk_power_misc.c:31:
drivers/power/supply/mediatek/battery/mtk_battery_internal.h:26:10: fatal error: mtk_gauge_class.h: Datei oder Verzeichnis nicht gefunden
   26 | #include <mtk_gauge_class.h>
      |          ^~~~~~~~~~~~~~~~~~~
compilation terminated.
make[5]: *** [scripts/Makefile.build:334: drivers/power/supply/mediatek/battery/mtk_power_misc.o] Fehler 1
make[5]: *** Auf noch nicht beendete Prozesse wird gewartet …
  CC      kernel/sched/idle.o
  CC      drivers/misc/mediatek/base/power/hps_v3/mtk_hps_api.o
  LD      drivers/perf/built-in.o
  CC      drivers/misc/mediatek/base/power/hps_v3/mtk_hps_algo.o
In file included from drivers/pinctrl/mediatek/pinctrl-mtk-common.c:41:
drivers/pinctrl/mediatek/pinctrl-mtk-common.h:367:15: error: duplicate ‘const’ declaration specifier [-Werror=duplicate-decl-specifier]
  367 |         const const struct mtk_pin_drv_grp      *pin_drv_grp;
      |               ^~~~~
  CC      drivers/of/of_reserved_mem.o
  LD      drivers/power/supply/power_supply.o
  CC      drivers/power/supply/mediatek/charger/mtk_pdc_intf.o
  CC      drivers/power/supply/mediatek/charger/mtk_chg_type_det.o
  CC      drivers/power/supply/mediatek/charger/mtk_pe40_intf.o
  CC      kernel/sched/cpupri.o
drivers/power/supply/mediatek/battery/mtk_battery.c:64:10: fatal error: mtk_gauge_class.h: Datei oder Verzeichnis nicht gefunden
   64 | #include <mtk_gauge_class.h>
      |          ^~~~~~~~~~~~~~~~~~~
compilation terminated.
In file included from drivers/pinctrl/mediatek/pinctrl-mt6761.c:23:
drivers/pinctrl/mediatek/pinctrl-mtk-common.h:367:15: error: duplicate ‘const’ declaration specifier [-Werror=duplicate-decl-specifier]
  367 |         const const struct mtk_pin_drv_grp      *pin_drv_grp;
      |               ^~~~~
make[5]: *** [scripts/Makefile.build:334: drivers/power/supply/mediatek/battery/mtk_battery.o] Fehler 1
  CC      drivers/power/supply/mediatek/charger/bq2560x_charger.o
  CC      drivers/misc/mediatek/base/power/hps_v3/mtk_hps_ops.o
  CC      drivers/power/supply/mediatek/charger/pogo_charger.o
  CC      kernel/sched/cpudeadline.o
  CC      drivers/power/supply/mediatek/charger/rt9471.o
drivers/power/supply/mediatek/battery/mtk_gauge_coulomb_service.c:23:10: fatal error: mtk_battery_internal.h: Datei oder Verzeichnis nicht gefunden
   23 | #include <mtk_battery_internal.h>
      |          ^~~~~~~~~~~~~~~~~~~~~~~~
compilation terminated.
make[5]: *** [scripts/Makefile.build:334: drivers/power/supply/mediatek/battery/mtk_gauge_coulomb_service.o] Fehler 1
  CC      kernel/sched/energy.o
cc1: all warnings being treated as errors
  LD      drivers/power/supply/mediatek/misc/built-in.o
  CC      kernel/sched/walt.o
make[3]: *** [scripts/Makefile.build:335: drivers/pinctrl/mediatek/pinctrl-mt6761.o] Fehler 1
make[3]: *** Auf noch nicht beendete Prozesse wird gewartet …
In file included from drivers/power/supply/mediatek/battery/mtk_gauge_class.c:27:
drivers/power/supply/mediatek/battery/mtk_battery_internal.h:26:10: fatal error: mtk_gauge_class.h: Datei oder Verzeichnis nicht gefunden
   26 | #include <mtk_gauge_class.h>
      |          ^~~~~~~~~~~~~~~~~~~
compilation terminated.
  CC      kernel/sched/stats.o
  CC      kernel/sched/debug.o
make[5]: *** [scripts/Makefile.build:334: drivers/power/supply/mediatek/battery/mtk_gauge_class.o] Fehler 1
make[4]: *** [scripts/Makefile.build:648: drivers/power/supply/mediatek/battery] Fehler 2
make[4]: *** Auf noch nicht beendete Prozesse wird gewartet …
  CC      kernel/sched/tune.o
In file included from drivers/power/supply/mediatek/charger/mtk_switch_charging.c:66:
drivers/power/supply/mediatek/charger/mtk_switch_charging.c: In function ‘mtk_switch_charging_run’:
drivers/power/supply/mediatek/charger/mtk_charger_intf.h:51:13: error: statement will never be executed [-Werror=switch-unreachable]
   51 |         if (chr_get_debug_level() >= CHRLOG_ERROR_LEVEL) {      \
      |             ^~~~~~~~~~~~~~~~~~~~~
drivers/power/supply/mediatek/charger/mtk_switch_charging.c:663:25: note: in expansion of macro ‘chr_err’
  663 |                         chr_err("%s_2 [%d] %d\n", __func__, swchgalg->state,
      |                         ^~~~~~~
  CC      kernel/sched/cpuacct.o
  CC      kernel/sched/cpufreq.o
  CC      kernel/sched/cpufreq_schedplus.o
cc1: all warnings being treated as errors
make[5]: *** [scripts/Makefile.build:334: drivers/power/supply/mediatek/charger/mtk_switch_charging.o] Fehler 1
make[5]: *** Auf noch nicht beendete Prozesse wird gewartet …
  LD      drivers/misc/mediatek/base/power/hps_v3/built-in.o
  LD      drivers/misc/mediatek/base/power/eem_v2/mt6761/built-in.o
  LD      drivers/misc/mediatek/base/power/eem_v2/built-in.o
make[4]: *** [scripts/Makefile.build:648: drivers/misc/mediatek/base/power] Fehler 2
make[3]: *** [scripts/Makefile.build:648: drivers/misc/mediatek/base] Fehler 2
make[2]: *** [scripts/Makefile.build:648: drivers/misc/mediatek] Fehler 2
make[1]: *** [scripts/Makefile.build:648: drivers/misc] Fehler 2
  LD      drivers/of/built-in.o
cc1: all warnings being treated as errors
make[3]: *** [scripts/Makefile.build:335: drivers/pinctrl/mediatek/pinctrl-mtk-common.o] Fehler 1
make[2]: *** [scripts/Makefile.build:648: drivers/pinctrl/mediatek] Fehler 2
make[1]: *** [scripts/Makefile.build:648: drivers/pinctrl] Fehler 2
make[4]: *** [scripts/Makefile.build:648: drivers/power/supply/mediatek/charger] Fehler 2
make[3]: *** [scripts/Makefile.build:648: drivers/power/supply/mediatek] Fehler 2
make[2]: *** [scripts/Makefile.build:648: drivers/power/supply] Fehler 2
make[1]: *** [scripts/Makefile.build:648: drivers/power] Fehler 2
make: *** [Makefile:1104: drivers] Fehler 2
make: *** Auf noch nicht beendete Prozesse wird gewartet …
cc1: all warnings being treated as errors
make[2]: *** [scripts/Makefile.build:334: kernel/sched/core.o] Fehler 1
make[1]: *** [scripts/Makefile.build:648: kernel/sched] Fehler 2
make: *** [Makefile:1104: kernel] Fehler 2
martin@mklinux:~/pwnagotchi-a5/8505F/devenv/linux$ 

